// Jest Snapshot v1, https://goo.gl/fbAQLP

exports[`line tests should render as expected 1`] = `
<svg>
  <g>
    <defs
      class="clip1"
    >
      <clippath
        id="clip1"
      >
        <rect
          height="200"
          width="200"
        />
      </clippath>
    </defs>
    <g
      class="clipPath1"
      clip-path="url(http://localhost/#clip1)"
    >
      <path
        class="line line1"
        d="M0,200L200,0"
        stroke="green"
        stroke-dasharray="100 100"
        stroke-dashoffset="100"
        style="stroke-opacity: 1;"
      />
    </g>
  </g>
  
</svg>
`;
