// Jest Snapshot v1, https://goo.gl/fbAQLP

exports[`date type should create the component markup 1`] = `
<div
  class="well well-sm date-type"
>
  <label
    class="radio"
  >
    <input
      type="radio"
      name="datetype"
      id="utc"
    />
    UTC
  </label>
  <label
    class="radio"
  >
    <input
      type="radio"
      name="datetype"
      id="local"
    />
    Local
  </label>
</div>
`;
