// Jest Snapshot v1, https://goo.gl/fbAQLP

exports[`storage component should render no plugins 1`] = `
<div>
  <div
    class="container container-full storage container"
  >
    <div
      class="well text-center no-plugins"
    >
      <h1>
        No storage plugins are currently installed.
      </h1>
      <p>
        When storage plugins are installed, use this tab to configure and view storage resources such as controllers.
      </p>
    </div>
  </div>
</div>
`;

exports[`storage component should render with plugins 1`] = `
<div>
  <div
    class="container container-full storage container"
  >
    <div>
      <h4
        class="section-header"
      >
        Storage Resources
      </h4>
      <div
        class="form-group well"
      >
        <label
          class="control-label"
        >
          Select Resource Class
        </label>
        <select
          class="form-control"
        >
          <option
            value="EMCPower,linux"
          >
            linux-EMCPower
          </option>
        </select>
      </div>
      <div
        class="table-container loading"
      >
        <div
          class="well text-center resource-table-no-records"
        >
          <h1>
            No records found
          </h1>
        </div>
        <div
          class="add-storage-device"
        >
          <h4
            class="section-header"
          >
            Add Storage Device
          </h4>
          <a
            class="btn btn-default btn-sm"
            href="http://localhost/configure/storage/add"
            type="button"
          >
            <i
              class="fa fa-plus-circle text-success"
            />
             Add Storage Device
          </a>
        </div>
      </div>
    </div>
  </div>
</div>
`;
