// Jest Snapshot v1, https://goo.gl/fbAQLP

exports[`tzPicker should create the component markup 1`] = `
<div
  class="detail-panel"
>
  <h5
    class="section-header"
  >
    Select Timezone
  </h5>
  <div
    class="radio"
  >
    <label
      class="radio"
    >
      <input
        id="utc"
        name="tzPicker"
        type="radio"
      />
      <span>
        UTC
      </span>
    </label>
  </div>
  <div
    class="radio"
  >
    <label
      class="radio"
    >
      <input
        id="local"
        name="tzPicker"
        type="radio"
      />
      <span>
        Local
      </span>
    </label>
  </div>
</div>
`;
